
> webchat@0.0.1 dev
> vite dev --port 3000 --host 127.0.0.1


  VITE v6.2.0  ready in 599 ms

  ➜  Local:   http://127.0.0.1:3000/
Hook: Cookie名称: auth_session
Hook: 所有Cookie: []
Hook: Found sessionId: null
Hook: Session validation result: invalid
Hook: locals.auth set, hasUser: false
Hook: Cookie名称: auth_session
Hook: 所有Cookie: [ 'auth_session' ]
Hook: Found sessionId: exists
Hook: Session validation result: valid
Hook: Session user: admin@example.com Role: admin
Hook: locals.auth set, hasUser: true
Layout load, auth state: {
  hasUser: true,
  hasSession: true,
  path: '/chat',
  host: '127.0.0.1:3000',
  auth: 'exists',
  userEmail: 'admin@example.com',
  userRole: 'admin'
}
Browserslist: browsers data (caniuse-lite) is 9 months old. Please run:
  npx update-browserslist-db@latest
  Why you should do it regularly: https://github.com/browserslist/update-db#readme
Hook: Cookie名称: auth_session
Hook: 所有Cookie: [ 'csrf', '_stockquery_session' ]
Hook: Found sessionId: null
Hook: Session validation result: invalid
Hook: locals.auth set, hasUser: false
Layout load, auth state: {
  hasUser: false,
  hasSession: false,
  path: '/auth/login',
  host: 'localhost:3000',
  auth: 'exists',
  userEmail: undefined,
  userRole: undefined
}
Hook: Cookie名称: auth_session
Hook: 所有Cookie: [ 'csrf', '_stockquery_session' ]
Hook: Found sessionId: null
Hook: Session validation result: invalid
Hook: locals.auth set, hasUser: false
Hook: Cookie名称: auth_session
Hook: 所有Cookie: []
Hook: Found sessionId: null
Hook: Session validation result: invalid
Hook: locals.auth set, hasUser: false
Layout load, auth state: {
  hasUser: false,
  hasSession: false,
  path: '/auth/login',
  host: 'localhost:3000',
  auth: 'exists',
  userEmail: undefined,
  userRole: undefined
}
Hook: Cookie名称: auth_session
Hook: 所有Cookie: []
Hook: Found sessionId: null
Hook: Session validation result: invalid
Hook: locals.auth set, hasUser: false
Layout load, auth state: {
  hasUser: false,
  hasSession: false,
  path: '/.well-known/appspecific/com.chrome.devtools.json',
  host: 'localhost:3000',
  auth: 'exists',
  userEmail: undefined,
  userRole: undefined
}
Redirecting to login: No authenticated user
Hook: Cookie名称: auth_session
Hook: 所有Cookie: []
Hook: Found sessionId: null
Hook: Session validation result: invalid
Hook: locals.auth set, hasUser: false
Layout load, auth state: {
  hasUser: false,
  hasSession: false,
  path: '/auth/login',
  host: 'localhost:3000',
  auth: 'exists',
  userEmail: undefined,
  userRole: undefined
}
15:10:10 [vite] (client) page reload diagnose-cookies.html
15:10:15 [vite] (client) page reload src/routes/auth/login/+page.server.ts
15:10:15 [vite] (ssr) page reload src/routes/auth/login/+page.server.ts
Hook: Cookie名称: auth_session
Hook: 所有Cookie: []
Hook: Found sessionId: null
Hook: Session validation result: invalid
Hook: locals.auth set, hasUser: false
Layout load, auth state: {
  hasUser: false,
  hasSession: false,
  path: '/auth/login',
  host: 'localhost:3000',
  auth: 'exists',
  userEmail: undefined,
  userRole: undefined
}
Hook: Cookie名称: auth_session
Hook: 所有Cookie: [ 'csrf', '_stockquery_session' ]
Hook: Found sessionId: null
Hook: Session validation result: invalid
Hook: locals.auth set, hasUser: false
Layout load, auth state: {
  hasUser: false,
  hasSession: false,
  path: '/auth/login',
  host: 'localhost:3000',
  auth: 'exists',
  userEmail: undefined,
  userRole: undefined
}
Hook: Cookie名称: auth_session
Hook: 所有Cookie: []
Hook: Found sessionId: null
Hook: Session validation result: invalid
Hook: locals.auth set, hasUser: false
Layout load, auth state: {
  hasUser: false,
  hasSession: false,
  path: '/.well-known/appspecific/com.chrome.devtools.json',
  host: 'localhost:3000',
  auth: 'exists',
  userEmail: undefined,
  userRole: undefined
}
Redirecting to login: No authenticated user
Hook: Cookie名称: auth_session
Hook: 所有Cookie: []
Hook: Found sessionId: null
Hook: Session validation result: invalid
Hook: locals.auth set, hasUser: false
Layout load, auth state: {
  hasUser: false,
  hasSession: false,
  path: '/auth/login',
  host: 'localhost:3000',
  auth: 'exists',
  userEmail: undefined,
  userRole: undefined
}
Hook: Cookie名称: auth_session
Hook: 所有Cookie: []
Hook: Found sessionId: null
Hook: Session validation result: invalid
Hook: locals.auth set, hasUser: false
Layout load, auth state: {
  hasUser: false,
  hasSession: false,
  path: '/auth/register',
  host: 'localhost:3000',
  auth: 'exists',
  userEmail: undefined,
  userRole: undefined
}
Hook: Cookie名称: auth_session
Hook: 所有Cookie: []
Hook: Found sessionId: null
Hook: Session validation result: invalid
Hook: locals.auth set, hasUser: false
Hook: Cookie名称: auth_session
Hook: 所有Cookie: []
Hook: Found sessionId: null
Hook: Session validation result: invalid
Hook: locals.auth set, hasUser: false
15:10:33 [vite] (client) page reload src/routes/auth/login/+page.server.ts
15:10:33 [vite] (ssr) page reload src/routes/auth/login/+page.server.ts
Hook: Cookie名称: auth_session
Hook: 所有Cookie: []
Hook: Found sessionId: null
Hook: Session validation result: invalid
Hook: locals.auth set, hasUser: false
Layout load, auth state: {
  hasUser: false,
  hasSession: false,
  path: '/auth/login',
  host: 'localhost:3000',
  auth: 'exists',
  userEmail: undefined,
  userRole: undefined
}
Hook: Cookie名称: auth_session
Hook: 所有Cookie: [ 'csrf', '_stockquery_session' ]
Hook: Found sessionId: null
Hook: Session validation result: invalid
Hook: locals.auth set, hasUser: false
Layout load, auth state: {
  hasUser: false,
  hasSession: false,
  path: '/auth/login',
  host: 'localhost:3000',
  auth: 'exists',
  userEmail: undefined,
  userRole: undefined
}
Hook: Cookie名称: auth_session
Hook: 所有Cookie: []
Hook: Found sessionId: null
Hook: Session validation result: invalid
Hook: locals.auth set, hasUser: false
Layout load, auth state: {
  hasUser: false,
  hasSession: false,
  path: '/.well-known/appspecific/com.chrome.devtools.json',
  host: 'localhost:3000',
  auth: 'exists',
  userEmail: undefined,
  userRole: undefined
}
Redirecting to login: No authenticated user
Hook: Cookie名称: auth_session
Hook: 所有Cookie: []
Hook: Found sessionId: null
Hook: Session validation result: invalid
Hook: locals.auth set, hasUser: false
Layout load, auth state: {
  hasUser: false,
  hasSession: false,
  path: '/auth/login',
  host: 'localhost:3000',
  auth: 'exists',
  userEmail: undefined,
  userRole: undefined
}
Hook: Cookie名称: auth_session
Hook: 所有Cookie: []
Hook: Found sessionId: null
Hook: Session validation result: invalid
Hook: locals.auth set, hasUser: false
Hook: Cookie名称: auth_session
Hook: 所有Cookie: [ 'auth_session' ]
Hook: Found sessionId: exists
Hook: Session validation result: valid
Hook: Session user: admin@example.com Role: admin
Hook: locals.auth set, hasUser: true
Layout load, auth state: {
  hasUser: true,
  hasSession: true,
  path: '/chat',
  host: '127.0.0.1:3000',
  auth: 'exists',
  userEmail: 'admin@example.com',
  userRole: 'admin'
}
Hook: Cookie名称: auth_session
Hook: 所有Cookie: []
Hook: Found sessionId: null
Hook: Session validation result: invalid
Hook: locals.auth set, hasUser: false
Layout load, auth state: {
  hasUser: false,
  hasSession: false,
  path: '/auth/login',
  host: 'localhost:3000',
  auth: 'exists',
  userEmail: undefined,
  userRole: undefined
}
Hook: Cookie名称: auth_session
Hook: 所有Cookie: []
Hook: Found sessionId: null
Hook: Session validation result: invalid
Hook: locals.auth set, hasUser: false
Layout load, auth state: {
  hasUser: false,
  hasSession: false,
  path: '/.well-known/appspecific/com.chrome.devtools.json',
  host: 'localhost:3000',
  auth: 'exists',
  userEmail: undefined,
  userRole: undefined
}
Redirecting to login: No authenticated user
Hook: Cookie名称: auth_session
Hook: 所有Cookie: []
Hook: Found sessionId: null
Hook: Session validation result: invalid
Hook: locals.auth set, hasUser: false
Layout load, auth state: {
  hasUser: false,
  hasSession: false,
  path: '/auth/login',
  host: 'localhost:3000',
  auth: 'exists',
  userEmail: undefined,
  userRole: undefined
}
Hook: Cookie名称: auth_session
Hook: 所有Cookie: [ 'csrf', '_stockquery_session' ]
Hook: Found sessionId: null
Hook: Session validation result: invalid
Hook: locals.auth set, hasUser: false
Hook: Cookie名称: auth_session
Hook: 所有Cookie: [ 'csrf', '_stockquery_session' ]
Hook: Found sessionId: null
Hook: Session validation result: invalid
Hook: locals.auth set, hasUser: false
Hook: Cookie名称: auth_session
Hook: 所有Cookie: [ 'csrf', '_stockquery_session' ]
Hook: Found sessionId: null
Hook: Session validation result: invalid
Hook: locals.auth set, hasUser: false
15:12:05 [vite] (client) page reload .svelte-kit/generated/client/nodes/0.js
15:12:05 [vite] (client) page reload .svelte-kit/generated/client/nodes/1.js
15:12:05 [vite] (client) page reload .svelte-kit/generated/client/nodes/2.js
15:12:05 [vite] (client) page reload .svelte-kit/generated/client/nodes/6.js
15:12:05 [vite] (client) page reload .svelte-kit/generated/client/nodes/7.js
15:12:05 [vite] (client) page reload .svelte-kit/generated/client/app.js
15:12:05 [vite] (client) page reload .svelte-kit/generated/client/matchers.js
15:12:05 [vite] (ssr) page reload .svelte-kit/generated/server/internal.js
15:12:05 [vite] (client) page reload .svelte-kit/generated/root.js
15:12:05 [vite] (ssr) page reload .svelte-kit/generated/root.js
Hook: Cookie名称: auth_session
Hook: 所有Cookie: []
Hook: Found sessionId: null
Hook: Session validation result: invalid
Hook: locals.auth set, hasUser: false
Layout load, auth state: {
  hasUser: false,
  hasSession: false,
  path: '/auth/login',
  host: 'localhost:3000',
  auth: 'exists',
  userEmail: undefined,
  userRole: undefined
}
Hook: Cookie名称: auth_session
Hook: 所有Cookie: [ 'csrf', '_stockquery_session' ]
Hook: Found sessionId: null
Hook: Session validation result: invalid
Hook: locals.auth set, hasUser: false
Layout load, auth state: {
  hasUser: false,
  hasSession: false,
  path: '/auth/login',
  host: 'localhost:3000',
  auth: 'exists',
  userEmail: undefined,
  userRole: undefined
}
Hook: Cookie名称: auth_session
Hook: 所有Cookie: []
Hook: Found sessionId: null
Hook: Session validation result: invalid
Hook: locals.auth set, hasUser: false
Layout load, auth state: {
  hasUser: false,
  hasSession: false,
  path: '/.well-known/appspecific/com.chrome.devtools.json',
  host: 'localhost:3000',
  auth: 'exists',
  userEmail: undefined,
  userRole: undefined
}
Redirecting to login: No authenticated user
Hook: Cookie名称: auth_session
Hook: 所有Cookie: []
Hook: Found sessionId: null
Hook: Session validation result: invalid
Hook: locals.auth set, hasUser: false
Layout load, auth state: {
  hasUser: false,
  hasSession: false,
  path: '/auth/login',
  host: 'localhost:3000',
  auth: 'exists',
  userEmail: undefined,
  userRole: undefined
}
Hook: Cookie名称: auth_session
Hook: 所有Cookie: [ 'csrf', '_stockquery_session' ]
Hook: Found sessionId: null
Hook: Session validation result: invalid
Hook: locals.auth set, hasUser: false
Hook: Cookie名称: auth_session
Hook: 所有Cookie: [ 'csrf', '_stockquery_session' ]
Hook: Found sessionId: null
Hook: Session validation result: invalid
Hook: locals.auth set, hasUser: false
Hook: Cookie名称: auth_session
Hook: 所有Cookie: [ 'csrf', '_stockquery_session' ]
Hook: Found sessionId: null
Hook: Session validation result: invalid
Hook: locals.auth set, hasUser: false
15:13:44 [vite] (client) page reload src/hooks.server.ts
15:13:44 [vite] (ssr) page reload src/hooks.server.ts
Hook: Cookie名称: auth_session
Hook: 所有Cookie: [ 'csrf', '_stockquery_session' ]
Hook: Found sessionId: null
Hook: Session validation result: invalid
Hook: locals.auth set, hasUser: false
Layout load, auth state: {
  hasUser: false,
  hasSession: false,
  path: '/auth/login',
  host: 'localhost:3000',
  auth: 'exists',
  userEmail: undefined,
  userRole: undefined
}
Hook: Cookie名称: auth_session
Hook: 所有Cookie: []
Hook: Found sessionId: null
Hook: Session validation result: invalid
Hook: locals.auth set, hasUser: false
Layout load, auth state: {
  hasUser: false,
  hasSession: false,
  path: '/auth/login',
  host: 'localhost:3000',
  auth: 'exists',
  userEmail: undefined,
  userRole: undefined
}
Hook: Cookie名称: auth_session
Hook: 所有Cookie: []
Hook: Found sessionId: null
Hook: Session validation result: invalid
Hook: locals.auth set, hasUser: false
Layout load, auth state: {
  hasUser: false,
  hasSession: false,
  path: '/.well-known/appspecific/com.chrome.devtools.json',
  host: 'localhost:3000',
  auth: 'exists',
  userEmail: undefined,
  userRole: undefined
}
Redirecting to login: No authenticated user
Hook: Cookie名称: auth_session
Hook: 所有Cookie: []
Hook: Found sessionId: null
Hook: Session validation result: invalid
Hook: locals.auth set, hasUser: false
Layout load, auth state: {
  hasUser: false,
  hasSession: false,
  path: '/auth/login',
  host: 'localhost:3000',
  auth: 'exists',
  userEmail: undefined,
  userRole: undefined
}
