Note: Unnecessary use of -X or --request, POST is already inferred.
* Host localhost:3000 was resolved.
* IPv6: ::1
* IPv4: 127.0.0.1
  % Total    % Received % Xferd  Average Speed   Time    Time     Time  Current
                                 Dload  Upload   Total   Spent    Left  Speed
  0     0    0     0    0     0      0      0 --:--:-- --:--:-- --:--:--     0*   Trying [::1]:3000...
* connect to ::1 port 3000 from ::1 port 51862 failed: Connection refused
*   Trying 127.0.0.1:3000...
* Connected to localhost (127.0.0.1) port 3000
> POST /auth/login HTTP/1.1
> Host: localhost:3000
> User-Agent: curl/8.7.1
> Accept: */*
> Content-Type: application/x-www-form-urlencoded
> Origin: http://localhost:3000
> Referer: http://localhost:3000/auth/login
> Content-Length: 41
> 
} [41 bytes data]
* upload completely sent off: 41 bytes
100    41    0     0  100    41      0    200 --:--:-- --:--:-- --:--:--   200< HTTP/1.1 200 OK
< access-control-allow-origin: http://localhost:3000
< Vary: Origin
< access-control-allow-credentials: true
< access-control-allow-headers: Content-Type, Authorization
< access-control-allow-methods: GET, POST, PUT, DELETE, OPTIONS
< content-length: 51
< content-type: application/json
* Added cookie auth_session="qmobdw7a4dzbrfuojcbbrwfep45gtyfhxof3azln" for domain localhost, path /, expire 1763535678
< set-cookie: auth_session=qmobdw7a4dzbrfuojcbbrwfep45gtyfhxof3azln; Max-Age=604800; Path=/; HttpOnly; SameSite=Strict
< Date: Wed, 12 Nov 2025 07:01:18 GMT
< Connection: keep-alive
< Keep-Alive: timeout=5
< 
{ [51 bytes data]
100    92  100    51  100    41    160    128 --:--:-- --:--:-- --:--:--   288
* Connection #0 to host localhost left intact
{"type":"redirect","status":302,"location":"/chat"}